ASxxxx Linker V03.00 + NoICE + sdld,  page 1.
Hexadecimal  [32-Bits]

Area                                    Addr        Size        Decimal Bytes (Attributes)
--------------------------------        ----        ----        ------- ----- ------------
.  .ABS.                            00000000    00000000 =           0. bytes (ABS,CON)

      Value  Global                              Global Defined In Module
      -----  --------------------------------   ------------------------
     00000000  .__.ABS.                           cpct_video
     00000000  l__CABS                         
     00000000  l__DABS                         
     00000000  l__DATA                         
     00000000  l__GSFINAL                      
     00000000  l__GSINIT                       
     00000000  l__HOME                         
     00000000  l__INITIALIZED                  
     00000000  l__INITIALIZER                  
     00000000  s__CABS                         
     00000000  s__DABS                         
     00000451  l__CODE                         
     00004000  s__CODE                         
     00004451  s__DATA                         
     00004451  s__GSFINAL                      
     00004451  s__GSINIT                       
     00004451  s__HOME                         
     00004451  s__INITIALIZED                  
     00004451  s__INITIALIZER                  

ASxxxx Linker V03.00 + NoICE + sdld,  page 2.
Hexadecimal  [32-Bits]

Area                                    Addr        Size        Decimal Bytes (Attributes)
--------------------------------        ----        ----        ------- ----- ------------
_CODE                               00004000    00000451 =        1105. bytes (REL,CON)

      Value  Global                              Global Defined In Module
      -----  --------------------------------   ------------------------
     00004000  _g_palette                         credits
     00004010  _g_credits_0                       credits
     000040E8  _g_credits_1                       credits
     000041C0  _g_credits_2                       credits
     0000422C  _init                              main
     0000427F  _main                              main
     00004284  _cpct_setPalette                   cpct_video
     0000429B  _cpct_setPALColour                 cpct_video
     000042A7  _cpct_drawSprite                   cpct_sprites
     0000434C  _cpct_setVideoMode                 cpct_video
     0000435A  _cpct_memset                       cpct_memutils
     00004368  _cpct_disableFirmware              cpct_firmware
     00004368  _cpct_removeInterruptHandler       cpct_firmware
     00004368  cpct_disableFirmware_asm           cpct_firmware
     00004368  cpct_removeInterruptHandler_asm    cpct_firmware
     00004378  _cpct_drawSolidBox                 cpct_sprites
     00004430  _cpct_mode_rom_status              cpct_firmware
     00004431  _cpct_getScreenPtr                 cpct_video
ASxxxx Linker V03.00 + NoICE + sdld,  page 3.

Files Linked                              [ module(s) ]

obj/credits.rel                           [ credits ]
obj/main.rel                              [ main ]


Libraries Linked                          [ object file ]

/home/Yo/cpctelera-1.4.2/cpctelera/cpctelera.lib
                                          [ cpct_setPalette_cbindings.rel ]
/home/Yo/cpctelera-1.4.2/cpctelera/cpctelera.lib
                                          [ cpct_setPALColour_cbindings.rel ]
/home/Yo/cpctelera-1.4.2/cpctelera/cpctelera.lib
                                          [ cpct_drawSprite_cbindings.rel ]
/home/Yo/cpctelera-1.4.2/cpctelera/cpctelera.lib
                                          [ cpct_setVideoMode_cbindings.rel ]
/home/Yo/cpctelera-1.4.2/cpctelera/cpctelera.lib
                                          [ cpct_memset_cbinding.rel ]
/home/Yo/cpctelera-1.4.2/cpctelera/cpctelera.lib
                                          [ cpct_removeInterruptHandler.rel ]
/home/Yo/cpctelera-1.4.2/cpctelera/cpctelera.lib
                                          [ cpct_drawSolidBox_cbindings.rel ]
/home/Yo/cpctelera-1.4.2/cpctelera/cpctelera.lib
                                          [ cpc_mode_rom_status.rel ]
/home/Yo/cpctelera-1.4.2/cpctelera/cpctelera.lib
                                          [ cpct_getScreenPtr_cbindings.rel ]

ASxxxx Linker V03.00 + NoICE + sdld,  page 4.

User Base Address Definitions

_CODE = 0x4000
_DATA = 0x0000

